main.c:278:6:DMA1_XferCpltCallback	0	static
main.c:309:6:DMA1_XferErrorCallback	0	static
main.c:889:13:MX_GPIO_Init	64	static
main.c:717:13:MX_TIM1_Init	40	static
main.c:764:13:MX_TIM2_Init	40	static
main.c:810:13:MX_TIM3_Init	72	static
main.c:646:13:MX_CAN_Init	8	static
main.c:683:13:MX_I2C1_Init	8	static
main.c:871:13:MX_DMA_Init	16	static
main.c:210:6:HAL_TIM_PeriodElapsedCallback	8	static
main.c:340:19:my_HAL_TIM_Base_Start_DMA	16	static
main.c:607:6:SystemClock_Config	80	static
main.c:385:5:main	40	static
main.c:945:6:Error_Handler	0	static
